[technext.github.io/edu-meeting/index.html]
[backblue.gif]
[fade.gif]
[index.html]
[technext.github.io/edu-meeting/vendor/bootstrap/css/bootstrap.min.css]
[technext.github.io/edu-meeting/assets/css/fontawesome.css]
[technext.github.io/edu-meeting/assets/css/templatemo-edu-meeting.css]
[technext.github.io/edu-meeting/assets/css/owl.css]
[technext.github.io/edu-meeting/assets/css/lightbox.css]
[technext.github.io/edu-meeting/meetings.html]
[technext.github.io/edu-meeting/meeting-details.html]
[technext.github.io/edu-meeting/assets/images/course-video.mp4]
[technext.github.io/edu-meeting/assets/images/service-icon-01.png]
[technext.github.io/edu-meeting/assets/images/service-icon-02.png]
[technext.github.io/edu-meeting/assets/images/service-icon-03.png]
[technext.github.io/edu-meeting/assets/images/meeting-01.jpg]
[technext.github.io/edu-meeting/assets/images/meeting-02.jpg]
[technext.github.io/edu-meeting/assets/images/meeting-03.jpg]
[technext.github.io/edu-meeting/assets/images/meeting-04.jpg]
[technext.github.io/edu-meeting/assets/images/course-01.jpg]
[technext.github.io/edu-meeting/assets/images/course-02.jpg]
[technext.github.io/edu-meeting/assets/images/course-03.jpg]
[technext.github.io/edu-meeting/assets/images/course-04.jpg]
[technext.github.io/edu-meeting/assets/images/play-icon.png]
[technext.github.io/edu-meeting/vendor/jquery/jquery.min.js]
[technext.github.io/edu-meeting/vendor/bootstrap/js/bootstrap.bundle.min.js]
[technext.github.io/edu-meeting/assets/js/isotope.min.js]
[technext.github.io/edu-meeting/assets/js/owl-carousel.js]
[technext.github.io/edu-meeting/assets/js/lightbox.js]
[technext.github.io/edu-meeting/assets/js/tabs.js]
[technext.github.io/edu-meeting/assets/js/video.js]
[technext.github.io/edu-meeting/assets/js/slick-slider.js]
[technext.github.io/edu-meeting/assets/js/custom.js]
[technext.github.io/edu-meeting/index.html]
[fonts.googleapis.com/css2a55.css]
[technext.github.io/edu-meeting/assets/js/isotope.js]
[technext.github.io/edu-meeting/meetings.html]
[technext.github.io/edu-meeting/assets/images/single-meeting.jpg]
[technext.github.io/edu-meeting/meeting-details.html]
[technext.github.io/edu-meeting/assets/images/course-video.mp4]
[technext.github.io/edu-meeting/vendor/bootstrap/css/bootstrap.min.css]
[technext.github.io/edu-meeting/assets/images/service-icon-01.png]
[technext.github.io/edu-meeting/assets/images/meeting-01.jpg]
[technext.github.io/edu-meeting/assets/images/meeting-02.jpg]
[technext.github.io/edu-meeting/assets/fonts/fontawesome-webfonte0a5.eot]
[technext.github.io/edu-meeting/assets/fonts/fontawesome-webfontd41d.eot]
[technext.github.io/edu-meeting/assets/images/single-meeting.jpg]
[technext.github.io/edu-meeting/assets/fonts/fontawesome-webfonte0a5.woff2]
[technext.github.io/edu-meeting/assets/fonts/fontawesome-webfonte0a5.woff]
[technext.github.io/edu-meeting/assets/fonts/fontawesome-webfonte0a5.ttf]
[technext.github.io/edu-meeting/assets/css/fontawesome.css]
[technext.github.io/edu-meeting/assets/fonts/fontawesome-webfonte0a5.svg]
[technext.github.io/edu-meeting/assets/images/service-item-bg.jpg]
[technext.github.io/edu-meeting/assets/images/meetings-bg.jpg]
[technext.github.io/edu-meeting/assets/images/apply-bg.jpg]
[technext.github.io/edu-meeting/assets/images/meetings-bg.jpg]
[technext.github.io/edu-meeting/assets/images/facts-bg.jpg]
[technext.github.io/edu-meeting/assets/images/video-item-bg.jpg]
[technext.github.io/edu-meeting/assets/images/heading-bg.jpg]
[technext.github.io/edu-meeting/assets/images/video-item-bg.jpg]
[technext.github.io/edu-meeting/assets/images/facts-bg.jpg]
[technext.github.io/edu-meeting/assets/images/meetings-page-bg.jpg]
[technext.github.io/edu-meeting/assets/css/templatemo-edu-meeting.css]
[technext.github.io/edu-meeting/assets/css/owl.video.play.2e.delayed]
[technext.github.io/edu-meeting/assets/css/owl.css]
[technext.github.io/edu-meeting/assets/images/loading.gif]
[technext.github.io/edu-meeting/assets/images/prev.png]
[technext.github.io/edu-meeting/assets/images/next.png]
[technext.github.io/edu-meeting/assets/images/close.png]
[technext.github.io/edu-meeting/assets/css/lightbox.css]
[technext.github.io/edu-meeting/vendor/bootstrap/js/bootstrap.bundle.min.html]
[technext.github.io/edu-meeting/assets/fonts/fontawesome-webfonte0a5.svg]
[technext.github.io/edu-meeting/assets/css/owl.video.play.html]
